// Jest Snapshot v1, https://goo.gl/fbAQLP

exports[`Component/UploadItem test Should match snapshots 1`] = `
<div
  className="styled__WrapperItem-ukzgv1-0 efQqci"
>
  <div
    className="styled__LeftSide-ukzgv1-1 jWWiFz"
  >
    <div
      className="styled__ProgressBarWrapper-ukzgv1-2 gPOYAe"
    >
      <div
        className="styled__ProgressBar-ukzgv1-4 gvwXJY"
        width={10}
      />
      <label>
        hello
      </label>
    </div>
  </div>
  <span
    className="styled__Percentage-ukzgv1-3 lojdNb"
  >
    10
  </span>
</div>
`;
