// Jest Snapshot v1, https://goo.gl/fbAQLP

exports[`Component/LayoutWithSearch test Should match snapshots 1`] = `ShallowWrapper {}`;
