// Jest Snapshot v1, https://goo.gl/fbAQLP

exports[`Components/Navbar test Render correctly 1`] = `<RightNav />`;
