// Jest Snapshot v1, https://goo.gl/fbAQLP

exports[`Pages/Dashboard test Render correctly 1`] = `
"<div class=\\"styled__DashboardWrapper-o6ajqd-0 kGoakK\\"><div class=\\"styled__ContentWrapper-o6ajqd-2 jSXSpD\\"><h3 class=\\"styled__DashboardHeader-o6ajqd-5 byGPKm\\">Dashboard</h3><div class=\\"styled__CardWrapper-o6ajqd-3 hgUsVP\\"><div class=\\"ant-row ant-row-space-around ant-row-middle\\"><div class=\\"ant-col ant-col-md-5\\"><div class=\\"ant-card ant-card-bordered styled__DashboardCard-yz824c-0 gPxDtN\\"><div class=\\"ant-card-body\\"><h5>Photos</h5><br/><h3>123.0k</h3><p class=\\"styled__SmallBodyText-yz824c-1 eQfubR\\">today upload</p><p class=\\"styled__TodayNumberText-yz824c-3 bGdmGW\\">+123.0k</p></div></div></div><div class=\\"ant-col ant-col-md-5\\"><div class=\\"ant-card ant-card-bordered styled__DashboardCard-yz824c-0 gPxDtN\\"><div class=\\"ant-card-body\\"><h5>Videos</h5><br/><h3>123.0k</h3><p class=\\"styled__SmallBodyText-yz824c-1 eQfubR\\">today upload</p><p class=\\"styled__TodayNumberText-yz824c-3 bGdmGW\\">+123.0k</p></div></div></div><div class=\\"ant-col ant-col-md-5\\"><div class=\\"ant-card ant-card-bordered styled__DashboardCard-yz824c-0 gPxDtN\\"><div class=\\"ant-card-body\\"><h5>Task</h5><div class=\\"styled__ProgressCardWrapper-yz824c-4 bfHiKh\\"><div class=\\"ant-progress ant-progress-circle ant-progress-status-normal ant-progress-show-info ant-progress-default\\"><div class=\\"ant-progress-inner ant-progress-circle-gradient\\" style=\\"width:120px;height:120px;font-size:24px\\"><svg class=\\"ant-progress-circle\\" viewBox=\\"0 0 100 100\\"><defs><linearGradient id=\\"ant-progress-gradient-1\\" x1=\\"100%\\" y1=\\"0%\\" x2=\\"0%\\" y2=\\"0%\\"><stop offset=\\"0%\\" stop-color=\\"#5a36cc\\"></stop><stop offset=\\"100%\\" stop-color=\\"#5a36cc\\"></stop></linearGradient></defs><path class=\\"ant-progress-circle-trail\\" d=\\"M 50,50 m 0,-46
   a 46,46 0 1 1 0,92
   a 46,46 0 1 1 0,-92\\" stroke-linecap=\\"round\\" stroke-width=\\"8\\" fill-opacity=\\"0\\" style=\\"stroke-dasharray:289.02652413026095px 289.02652413026095px;stroke-dashoffset:-0px;transition:stroke-dashoffset .3s ease 0s, stroke-dasharray .3s ease 0s, stroke .3s, stroke-width .06s ease .3s\\"></path><path class=\\"ant-progress-circle-path\\" d=\\"M 50,50 m 0,-46
   a 46,46 0 1 1 0,92
   a 46,46 0 1 1 0,-92\\" stroke=\\"url(#ant-progress-gradient-1)\\" stroke-linecap=\\"round\\" stroke-width=\\"8\\" opacity=\\"1\\" fill-opacity=\\"0\\" style=\\"stroke:[object Object];stroke-dasharray:216.76989309769573px 289.02652413026095px;stroke-dashoffset:-0px;transition:stroke-dashoffset .3s ease 0s, stroke-dasharray .3s ease 0s, stroke .3s, stroke-width .06s ease .3s\\"></path></svg><span class=\\"ant-progress-text\\" title=\\"75%\\">75%</span></div></div><p style=\\"margin-top:10%\\" class=\\"styled__SmallBodyText-yz824c-1 eQfubR\\">100 of 1.0k photos</p></div></div></div></div><div class=\\"ant-col ant-col-md-5\\"><div class=\\"ant-card ant-card-bordered styled__DashboardCard-yz824c-0 gPxDtN\\"><div class=\\"ant-card-body\\"><h5>Model</h5><br/><span class=\\"ant-tag ant-tag-purple styled__Label-yz824c-2 bKWFRV\\" style=\\"margin-top:10%\\">resNet</span><h3 style=\\"margin-top:0%;margin-bottom:-3%\\">800</h3><p>photos</p></div></div></div></div></div><div class=\\"styled__AlbumWrapper-o6ajqd-4 hirseO\\"><h3>Lastest Photo</h3><div class=\\"ant-row ant-row-space-around ant-row-middle\\"><div class=\\"ant-col ant-col-md-5\\"><div class=\\"styled__AlbumWrapper-koalmt-0 chvFDA\\"><div class=\\"styled__Container-koalmt-2 UPZmO\\"><div style=\\"display:inline-block;max-width:100%;overflow:hidden;position:relative;box-sizing:border-box;margin:0\\"><div style=\\"box-sizing:border-box;display:block;max-width:100%\\"><img style=\\"max-width:100%;display:block\\" alt=\\"\\" aria-hidden=\\"true\\" role=\\"presentation\\" src=\\"data:image/svg+xml;base64,PHN2ZyB3aWR0aD0iMzAwIiBoZWlnaHQ9IjMwMCIgeG1sbnM9Imh0dHA6Ly93d3cudzMub3JnLzIwMDAvc3ZnIiB2ZXJzaW9uPSIxLjEiLz4=\\"/></div><img src=\\"data:image/gif;base64,R0lGODlhAQABAIAAAAAAAP///yH5BAEAAAAALAAAAAABAAEAAAIBRAA7\\" decoding=\\"async\\" style=\\"visibility:hidden;position:absolute;top:0;left:0;bottom:0;right:0;box-sizing:border-box;padding:0;border:none;margin:auto;display:block;width:0;height:0;min-width:100%;max-width:100%;min-height:100%;max-height:100%\\"/></div><div id=\\"text\\" class=\\"styled__Text-koalmt-3 fjaVqR\\">View Photo</div></div><span><b>album name</b></span><br/><span>1 items</span><br/><div style=\\"margin-top:10px\\"><span class=\\"ant-tag ant-tag-purple styled__Label-koalmt-1 kNyTJl\\">label1</span><span class=\\"ant-tag ant-tag-purple styled__Label-koalmt-1 kNyTJl\\">label2</span><span class=\\"ant-tag ant-tag-purple styled__Label-koalmt-1 kNyTJl\\">label3</span></div></div></div><div class=\\"ant-col ant-col-md-5\\"><div class=\\"styled__AlbumWrapper-koalmt-0 chvFDA\\"><div class=\\"styled__Container-koalmt-2 UPZmO\\"><div style=\\"display:inline-block;max-width:100%;overflow:hidden;position:relative;box-sizing:border-box;margin:0\\"><div style=\\"box-sizing:border-box;display:block;max-width:100%\\"><img style=\\"max-width:100%;display:block\\" alt=\\"\\" aria-hidden=\\"true\\" role=\\"presentation\\" src=\\"data:image/svg+xml;base64,PHN2ZyB3aWR0aD0iMzAwIiBoZWlnaHQ9IjMwMCIgeG1sbnM9Imh0dHA6Ly93d3cudzMub3JnLzIwMDAvc3ZnIiB2ZXJzaW9uPSIxLjEiLz4=\\"/></div><img src=\\"data:image/gif;base64,R0lGODlhAQABAIAAAAAAAP///yH5BAEAAAAALAAAAAABAAEAAAIBRAA7\\" decoding=\\"async\\" style=\\"visibility:hidden;position:absolute;top:0;left:0;bottom:0;right:0;box-sizing:border-box;padding:0;border:none;margin:auto;display:block;width:0;height:0;min-width:100%;max-width:100%;min-height:100%;max-height:100%\\"/></div><div id=\\"text\\" class=\\"styled__Text-koalmt-3 fjaVqR\\">View Photo</div></div><span><b>album name</b></span><br/><span>1 items</span><br/><div style=\\"margin-top:10px\\"><span class=\\"ant-tag ant-tag-purple styled__Label-koalmt-1 kNyTJl\\">label1</span><span class=\\"ant-tag ant-tag-purple styled__Label-koalmt-1 kNyTJl\\">label2</span><span class=\\"ant-tag ant-tag-purple styled__Label-koalmt-1 kNyTJl\\">label3</span></div></div></div><div class=\\"ant-col ant-col-md-5\\"><div class=\\"styled__AlbumWrapper-koalmt-0 chvFDA\\"><div class=\\"styled__Container-koalmt-2 UPZmO\\"><div style=\\"display:inline-block;max-width:100%;overflow:hidden;position:relative;box-sizing:border-box;margin:0\\"><div style=\\"box-sizing:border-box;display:block;max-width:100%\\"><img style=\\"max-width:100%;display:block\\" alt=\\"\\" aria-hidden=\\"true\\" role=\\"presentation\\" src=\\"data:image/svg+xml;base64,PHN2ZyB3aWR0aD0iMzAwIiBoZWlnaHQ9IjMwMCIgeG1sbnM9Imh0dHA6Ly93d3cudzMub3JnLzIwMDAvc3ZnIiB2ZXJzaW9uPSIxLjEiLz4=\\"/></div><img src=\\"data:image/gif;base64,R0lGODlhAQABAIAAAAAAAP///yH5BAEAAAAALAAAAAABAAEAAAIBRAA7\\" decoding=\\"async\\" style=\\"visibility:hidden;position:absolute;top:0;left:0;bottom:0;right:0;box-sizing:border-box;padding:0;border:none;margin:auto;display:block;width:0;height:0;min-width:100%;max-width:100%;min-height:100%;max-height:100%\\"/></div><div id=\\"text\\" class=\\"styled__Text-koalmt-3 fjaVqR\\">View Photo</div></div><span><b>album name</b></span><br/><span>1 items</span><br/><div style=\\"margin-top:10px\\"><span class=\\"ant-tag ant-tag-purple styled__Label-koalmt-1 kNyTJl\\">label1</span><span class=\\"ant-tag ant-tag-purple styled__Label-koalmt-1 kNyTJl\\">label2</span><span class=\\"ant-tag ant-tag-purple styled__Label-koalmt-1 kNyTJl\\">label3</span></div></div></div><div class=\\"ant-col ant-col-md-5\\"><div class=\\"styled__AlbumWrapper-koalmt-0 chvFDA\\"><div class=\\"styled__Container-koalmt-2 UPZmO\\"><div style=\\"display:inline-block;max-width:100%;overflow:hidden;position:relative;box-sizing:border-box;margin:0\\"><div style=\\"box-sizing:border-box;display:block;max-width:100%\\"><img style=\\"max-width:100%;display:block\\" alt=\\"\\" aria-hidden=\\"true\\" role=\\"presentation\\" src=\\"data:image/svg+xml;base64,PHN2ZyB3aWR0aD0iMzAwIiBoZWlnaHQ9IjMwMCIgeG1sbnM9Imh0dHA6Ly93d3cudzMub3JnLzIwMDAvc3ZnIiB2ZXJzaW9uPSIxLjEiLz4=\\"/></div><img src=\\"data:image/gif;base64,R0lGODlhAQABAIAAAAAAAP///yH5BAEAAAAALAAAAAABAAEAAAIBRAA7\\" decoding=\\"async\\" style=\\"visibility:hidden;position:absolute;top:0;left:0;bottom:0;right:0;box-sizing:border-box;padding:0;border:none;margin:auto;display:block;width:0;height:0;min-width:100%;max-width:100%;min-height:100%;max-height:100%\\"/></div><div id=\\"text\\" class=\\"styled__Text-koalmt-3 fjaVqR\\">View Photo</div></div><span><b>album name</b></span><br/><span>1 items</span><br/><div style=\\"margin-top:10px\\"><span class=\\"ant-tag ant-tag-purple styled__Label-koalmt-1 kNyTJl\\">label1</span><span class=\\"ant-tag ant-tag-purple styled__Label-koalmt-1 kNyTJl\\">label2</span><span class=\\"ant-tag ant-tag-purple styled__Label-koalmt-1 kNyTJl\\">label3</span></div></div></div></div></div></div></div>"
`;
