// Jest Snapshot v1, https://goo.gl/fbAQLP

exports[`Pages/HomeTemp test Render correctly 1`] = `[Function]`;
