// Jest Snapshot v1, https://goo.gl/fbAQLP

exports[`Pages/Home test Render correctly 1`] = `"<div><main class=\\"ant-layout-content\\"><div><div class=\\"styled__CanvasWrapper-ha565g-1 faSIVI\\"><div class=\\"styled__HeaderWrapper-ha565g-2 IPEnh\\"><div class=\\"styled__Heading-ha565g-3 ffQEvQ\\">Heading</div><div class=\\"styled__SubHeading-ha565g-4 dolwLX\\">Lorem ipsum..</div><button class=\\"styled__ButtonStyle-czpcv9-0 hSYzlC\\">Explore</button></div></div><div class=\\"ant-row ant-row-space-around\\" style=\\"margin-top:20px;margin-bottom:12px\\"><div style=\\"padding-top:12px;padding-bottom:12px\\" class=\\"ant-col ant-col-21\\"><div class=\\"ant-row ant-row-center\\" style=\\"margin-left:-12px;margin-right:-12px;margin-top:-12px;margin-bottom:12px\\"><div style=\\"padding-left:12px;padding-right:12px;padding-top:12px;padding-bottom:12px\\" class=\\"ant-col ant-col-xs-20 ant-col-md-5 ant-col-lg-7\\"><div style=\\"text-align:center\\" class=\\"ant-card ant-card-bordered\\"><div class=\\"ant-card-body\\"><div class=\\"styled__Icon-ha565g-0 bELiZP\\"><span role=\\"img\\" aria-label=\\"car\\" class=\\"anticon anticon-car\\"><svg viewBox=\\"64 64 896 896\\" focusable=\\"false\\" data-icon=\\"car\\" width=\\"1em\\" height=\\"1em\\" fill=\\"currentColor\\" aria-hidden=\\"true\\"><path d=\\"M380 704h264c4.4 0 8-3.6 8-8v-84c0-4.4-3.6-8-8-8h-40c-4.4 0-8 3.6-8 8v36H428v-36c0-4.4-3.6-8-8-8h-40c-4.4 0-8 3.6-8 8v84c0 4.4 3.6 8 8 8zm340-123a40 40 0 1080 0 40 40 0 10-80 0zm239-167.6L935.3 372a8 8 0 00-10.9-2.9l-50.7 29.6-78.3-216.2a63.9 63.9 0 00-60.9-44.4H301.2c-34.7 0-65.5 22.4-76.2 55.5l-74.6 205.2-50.8-29.6a8 8 0 00-10.9 2.9L65 413.4c-2.2 3.8-.9 8.6 2.9 10.8l60.4 35.2-14.5 40c-1.2 3.2-1.8 6.6-1.8 10v348.2c0 15.7 11.8 28.4 26.3 28.4h67.6c12.3 0 23-9.3 25.6-22.3l7.7-37.7h545.6l7.7 37.7c2.7 13 13.3 22.3 25.6 22.3h67.6c14.5 0 26.3-12.7 26.3-28.4V509.4c0-3.4-.6-6.8-1.8-10l-14.5-40 60.3-35.2a8 8 0 003-10.8zM840 517v237H184V517l15.6-43h624.8l15.6 43zM292.7 218.1l.5-1.3.4-1.3c1.1-3.3 4.1-5.5 7.6-5.5h427.6l75.4 208H220l72.7-199.9zM224 581a40 40 0 1080 0 40 40 0 10-80 0z\\"></path></svg></span></div><br/><h2>Feature 1</h2><p>Lorem ipsum dolor sit amet consectetur adipisicing elit. Minus earum iusto</p></div></div></div><div style=\\"padding-left:12px;padding-right:12px;padding-top:12px;padding-bottom:12px\\" class=\\"ant-col ant-col-xs-20 ant-col-md-5 ant-col-lg-7\\"><div style=\\"text-align:center\\" class=\\"ant-card ant-card-bordered\\"><div class=\\"ant-card-body\\"><div class=\\"styled__Icon-ha565g-0 bELiZP\\"><span role=\\"img\\" aria-label=\\"car\\" class=\\"anticon anticon-car\\"><svg viewBox=\\"64 64 896 896\\" focusable=\\"false\\" data-icon=\\"car\\" width=\\"1em\\" height=\\"1em\\" fill=\\"currentColor\\" aria-hidden=\\"true\\"><path d=\\"M380 704h264c4.4 0 8-3.6 8-8v-84c0-4.4-3.6-8-8-8h-40c-4.4 0-8 3.6-8 8v36H428v-36c0-4.4-3.6-8-8-8h-40c-4.4 0-8 3.6-8 8v84c0 4.4 3.6 8 8 8zm340-123a40 40 0 1080 0 40 40 0 10-80 0zm239-167.6L935.3 372a8 8 0 00-10.9-2.9l-50.7 29.6-78.3-216.2a63.9 63.9 0 00-60.9-44.4H301.2c-34.7 0-65.5 22.4-76.2 55.5l-74.6 205.2-50.8-29.6a8 8 0 00-10.9 2.9L65 413.4c-2.2 3.8-.9 8.6 2.9 10.8l60.4 35.2-14.5 40c-1.2 3.2-1.8 6.6-1.8 10v348.2c0 15.7 11.8 28.4 26.3 28.4h67.6c12.3 0 23-9.3 25.6-22.3l7.7-37.7h545.6l7.7 37.7c2.7 13 13.3 22.3 25.6 22.3h67.6c14.5 0 26.3-12.7 26.3-28.4V509.4c0-3.4-.6-6.8-1.8-10l-14.5-40 60.3-35.2a8 8 0 003-10.8zM840 517v237H184V517l15.6-43h624.8l15.6 43zM292.7 218.1l.5-1.3.4-1.3c1.1-3.3 4.1-5.5 7.6-5.5h427.6l75.4 208H220l72.7-199.9zM224 581a40 40 0 1080 0 40 40 0 10-80 0z\\"></path></svg></span></div><br/><h2>Feature 1</h2><p>Lorem ipsum dolor sit amet consectetur adipisicing elit. Minus earum iusto</p></div></div></div><div style=\\"padding-left:12px;padding-right:12px;padding-top:12px;padding-bottom:12px\\" class=\\"ant-col ant-col-xs-20 ant-col-md-5 ant-col-lg-7\\"><div style=\\"text-align:center\\" class=\\"ant-card ant-card-bordered\\"><div class=\\"ant-card-body\\"><div class=\\"styled__Icon-ha565g-0 bELiZP\\"><span role=\\"img\\" aria-label=\\"car\\" class=\\"anticon anticon-car\\"><svg viewBox=\\"64 64 896 896\\" focusable=\\"false\\" data-icon=\\"car\\" width=\\"1em\\" height=\\"1em\\" fill=\\"currentColor\\" aria-hidden=\\"true\\"><path d=\\"M380 704h264c4.4 0 8-3.6 8-8v-84c0-4.4-3.6-8-8-8h-40c-4.4 0-8 3.6-8 8v36H428v-36c0-4.4-3.6-8-8-8h-40c-4.4 0-8 3.6-8 8v84c0 4.4 3.6 8 8 8zm340-123a40 40 0 1080 0 40 40 0 10-80 0zm239-167.6L935.3 372a8 8 0 00-10.9-2.9l-50.7 29.6-78.3-216.2a63.9 63.9 0 00-60.9-44.4H301.2c-34.7 0-65.5 22.4-76.2 55.5l-74.6 205.2-50.8-29.6a8 8 0 00-10.9 2.9L65 413.4c-2.2 3.8-.9 8.6 2.9 10.8l60.4 35.2-14.5 40c-1.2 3.2-1.8 6.6-1.8 10v348.2c0 15.7 11.8 28.4 26.3 28.4h67.6c12.3 0 23-9.3 25.6-22.3l7.7-37.7h545.6l7.7 37.7c2.7 13 13.3 22.3 25.6 22.3h67.6c14.5 0 26.3-12.7 26.3-28.4V509.4c0-3.4-.6-6.8-1.8-10l-14.5-40 60.3-35.2a8 8 0 003-10.8zM840 517v237H184V517l15.6-43h624.8l15.6 43zM292.7 218.1l.5-1.3.4-1.3c1.1-3.3 4.1-5.5 7.6-5.5h427.6l75.4 208H220l72.7-199.9zM224 581a40 40 0 1080 0 40 40 0 10-80 0z\\"></path></svg></span></div><br/><h2>Feature 1</h2><p>Lorem ipsum dolor sit amet consectetur adipisicing elit. Minus earum iusto</p></div></div></div><div style=\\"padding-left:12px;padding-right:12px;padding-top:12px;padding-bottom:12px\\" class=\\"ant-col ant-col-xs-20 ant-col-md-5 ant-col-lg-7\\"><div style=\\"text-align:center\\" class=\\"ant-card ant-card-bordered\\"><div class=\\"ant-card-body\\"><div class=\\"styled__Icon-ha565g-0 bELiZP\\"><span role=\\"img\\" aria-label=\\"car\\" class=\\"anticon anticon-car\\"><svg viewBox=\\"64 64 896 896\\" focusable=\\"false\\" data-icon=\\"car\\" width=\\"1em\\" height=\\"1em\\" fill=\\"currentColor\\" aria-hidden=\\"true\\"><path d=\\"M380 704h264c4.4 0 8-3.6 8-8v-84c0-4.4-3.6-8-8-8h-40c-4.4 0-8 3.6-8 8v36H428v-36c0-4.4-3.6-8-8-8h-40c-4.4 0-8 3.6-8 8v84c0 4.4 3.6 8 8 8zm340-123a40 40 0 1080 0 40 40 0 10-80 0zm239-167.6L935.3 372a8 8 0 00-10.9-2.9l-50.7 29.6-78.3-216.2a63.9 63.9 0 00-60.9-44.4H301.2c-34.7 0-65.5 22.4-76.2 55.5l-74.6 205.2-50.8-29.6a8 8 0 00-10.9 2.9L65 413.4c-2.2 3.8-.9 8.6 2.9 10.8l60.4 35.2-14.5 40c-1.2 3.2-1.8 6.6-1.8 10v348.2c0 15.7 11.8 28.4 26.3 28.4h67.6c12.3 0 23-9.3 25.6-22.3l7.7-37.7h545.6l7.7 37.7c2.7 13 13.3 22.3 25.6 22.3h67.6c14.5 0 26.3-12.7 26.3-28.4V509.4c0-3.4-.6-6.8-1.8-10l-14.5-40 60.3-35.2a8 8 0 003-10.8zM840 517v237H184V517l15.6-43h624.8l15.6 43zM292.7 218.1l.5-1.3.4-1.3c1.1-3.3 4.1-5.5 7.6-5.5h427.6l75.4 208H220l72.7-199.9zM224 581a40 40 0 1080 0 40 40 0 10-80 0z\\"></path></svg></span></div><br/><h2>Feature 1</h2><p>Lorem ipsum dolor sit amet consectetur adipisicing elit. Minus earum iusto</p></div></div></div><div style=\\"padding-left:12px;padding-right:12px;padding-top:12px;padding-bottom:12px\\" class=\\"ant-col ant-col-xs-20 ant-col-md-5 ant-col-lg-7\\"><div style=\\"text-align:center\\" class=\\"ant-card ant-card-bordered\\"><div class=\\"ant-card-body\\"><div class=\\"styled__Icon-ha565g-0 bELiZP\\"><span role=\\"img\\" aria-label=\\"car\\" class=\\"anticon anticon-car\\"><svg viewBox=\\"64 64 896 896\\" focusable=\\"false\\" data-icon=\\"car\\" width=\\"1em\\" height=\\"1em\\" fill=\\"currentColor\\" aria-hidden=\\"true\\"><path d=\\"M380 704h264c4.4 0 8-3.6 8-8v-84c0-4.4-3.6-8-8-8h-40c-4.4 0-8 3.6-8 8v36H428v-36c0-4.4-3.6-8-8-8h-40c-4.4 0-8 3.6-8 8v84c0 4.4 3.6 8 8 8zm340-123a40 40 0 1080 0 40 40 0 10-80 0zm239-167.6L935.3 372a8 8 0 00-10.9-2.9l-50.7 29.6-78.3-216.2a63.9 63.9 0 00-60.9-44.4H301.2c-34.7 0-65.5 22.4-76.2 55.5l-74.6 205.2-50.8-29.6a8 8 0 00-10.9 2.9L65 413.4c-2.2 3.8-.9 8.6 2.9 10.8l60.4 35.2-14.5 40c-1.2 3.2-1.8 6.6-1.8 10v348.2c0 15.7 11.8 28.4 26.3 28.4h67.6c12.3 0 23-9.3 25.6-22.3l7.7-37.7h545.6l7.7 37.7c2.7 13 13.3 22.3 25.6 22.3h67.6c14.5 0 26.3-12.7 26.3-28.4V509.4c0-3.4-.6-6.8-1.8-10l-14.5-40 60.3-35.2a8 8 0 003-10.8zM840 517v237H184V517l15.6-43h624.8l15.6 43zM292.7 218.1l.5-1.3.4-1.3c1.1-3.3 4.1-5.5 7.6-5.5h427.6l75.4 208H220l72.7-199.9zM224 581a40 40 0 1080 0 40 40 0 10-80 0z\\"></path></svg></span></div><br/><h2>Feature 1</h2><p>Lorem ipsum dolor sit amet consectetur adipisicing elit. Minus earum iusto</p></div></div></div><div style=\\"padding-left:12px;padding-right:12px;padding-top:12px;padding-bottom:12px\\" class=\\"ant-col ant-col-xs-20 ant-col-md-5 ant-col-lg-7\\"><div style=\\"text-align:center\\" class=\\"ant-card ant-card-bordered\\"><div class=\\"ant-card-body\\"><div class=\\"styled__Icon-ha565g-0 bELiZP\\"><span role=\\"img\\" aria-label=\\"car\\" class=\\"anticon anticon-car\\"><svg viewBox=\\"64 64 896 896\\" focusable=\\"false\\" data-icon=\\"car\\" width=\\"1em\\" height=\\"1em\\" fill=\\"currentColor\\" aria-hidden=\\"true\\"><path d=\\"M380 704h264c4.4 0 8-3.6 8-8v-84c0-4.4-3.6-8-8-8h-40c-4.4 0-8 3.6-8 8v36H428v-36c0-4.4-3.6-8-8-8h-40c-4.4 0-8 3.6-8 8v84c0 4.4 3.6 8 8 8zm340-123a40 40 0 1080 0 40 40 0 10-80 0zm239-167.6L935.3 372a8 8 0 00-10.9-2.9l-50.7 29.6-78.3-216.2a63.9 63.9 0 00-60.9-44.4H301.2c-34.7 0-65.5 22.4-76.2 55.5l-74.6 205.2-50.8-29.6a8 8 0 00-10.9 2.9L65 413.4c-2.2 3.8-.9 8.6 2.9 10.8l60.4 35.2-14.5 40c-1.2 3.2-1.8 6.6-1.8 10v348.2c0 15.7 11.8 28.4 26.3 28.4h67.6c12.3 0 23-9.3 25.6-22.3l7.7-37.7h545.6l7.7 37.7c2.7 13 13.3 22.3 25.6 22.3h67.6c14.5 0 26.3-12.7 26.3-28.4V509.4c0-3.4-.6-6.8-1.8-10l-14.5-40 60.3-35.2a8 8 0 003-10.8zM840 517v237H184V517l15.6-43h624.8l15.6 43zM292.7 218.1l.5-1.3.4-1.3c1.1-3.3 4.1-5.5 7.6-5.5h427.6l75.4 208H220l72.7-199.9zM224 581a40 40 0 1080 0 40 40 0 10-80 0z\\"></path></svg></span></div><br/><h2>Feature 1</h2><p>Lorem ipsum dolor sit amet consectetur adipisicing elit. Minus earum iusto</p></div></div></div></div></div></div></div></main><footer class=\\"ant-layout-footer\\">Footer</footer></div>"`;
