// Jest Snapshot v1, https://goo.gl/fbAQLP

exports[`Components/HomeLayout test Render correcly 1`] = `<HomeLayout />`;
