// Jest Snapshot v1, https://goo.gl/fbAQLP

exports[`Pages/Home test Render correcly 1`] = `<Home />`;
