// Jest Snapshot v1, https://goo.gl/fbAQLP

exports[`Pages/Register test Render correctly 1`] = `<Login />`;
