// Jest Snapshot v1, https://goo.gl/fbAQLP

exports[`Component/BreakLineWithCaption test Render correctly 1`] = `ShallowWrapper {}`;
